// Jest Snapshot v1, https://goo.gl/fbAQLP

exports[`Madlib component renders Madlib 1`] = `
<Fragment>
  <Header />
  <p
    className="Title"
  >
    Fill out this MadLib for a fun story!
  </p>
  <Form
    onSubmit={[Function]}
  />
  <Footer />
</Fragment>
`;
